[new.axilthemes.com/demo/template/abstrak/index-1.html]
[backblue.gif]
[fade.gif]
[index.html]
[new.axilthemes.com/demo/template/abstrak/assets/media/favicon.png]
[new.axilthemes.com/demo/template/abstrak/assets/css/vendor/bootstrap.min.css]
[new.axilthemes.com/demo/template/abstrak/assets/css/vendor/font-awesome.css]
[new.axilthemes.com/demo/template/abstrak/assets/css/app.css]
[new.axilthemes.com/demo/template/abstrak/index-2.html]
[new.axilthemes.com/demo/template/abstrak/index-3.html]
[new.axilthemes.com/demo/template/abstrak/index-4.html]
[new.axilthemes.com/demo/template/abstrak/index-5.html]
[new.axilthemes.com/demo/template/abstrak/service.html]
[new.axilthemes.com/demo/template/abstrak/service-2.html]
[new.axilthemes.com/demo/template/abstrak/service-design.html]
[new.axilthemes.com/demo/template/abstrak/portfolio.html]
[new.axilthemes.com/demo/template/abstrak/portfolio-2.html]
[new.axilthemes.com/demo/template/abstrak/portfolio-3.html]
[new.axilthemes.com/demo/template/abstrak/portfolio-4.html]
[new.axilthemes.com/demo/template/abstrak/portfolio-5.html]
[new.axilthemes.com/demo/template/abstrak/single-portfolio.html]
[new.axilthemes.com/demo/template/abstrak/about-us.html]
[new.axilthemes.com/demo/template/abstrak/our-office.html]
[new.axilthemes.com/demo/template/abstrak/case-study.html]
[new.axilthemes.com/demo/template/abstrak/single-case-study.html]
[new.axilthemes.com/demo/template/abstrak/team.html]
[new.axilthemes.com/demo/template/abstrak/single-team.html]
[new.axilthemes.com/demo/template/abstrak/our-clients.html]
[new.axilthemes.com/demo/template/abstrak/testimonial.html]
[new.axilthemes.com/demo/template/abstrak/pricing-table.html]
[new.axilthemes.com/demo/template/abstrak/typography.html]
[new.axilthemes.com/demo/template/abstrak/404.html]
[new.axilthemes.com/demo/template/abstrak/blog.html]
[new.axilthemes.com/demo/template/abstrak/single-blog.html]
[new.axilthemes.com/demo/template/abstrak/single-blog-gallery.html]
[new.axilthemes.com/demo/template/abstrak/single-blog-video.html]
[new.axilthemes.com/demo/template/abstrak/single-blog-audio.html]
[new.axilthemes.com/demo/template/abstrak/single-blog-quote.html]
[new.axilthemes.com/demo/template/abstrak/contact.html]
[new.axilthemes.com/demo/template/abstrak/assets/media/banner/window.png]
[new.axilthemes.com/demo/template/abstrak/assets/media/banner/laptop-poses.png]
[new.axilthemes.com/demo/template/abstrak/assets/media/banner/chat-group.png]
[new.axilthemes.com/demo/template/abstrak/assets/media/others/bubble-39.png]
[new.axilthemes.com/demo/template/abstrak/assets/media/others/bubble-38.png]
[new.axilthemes.com/demo/template/abstrak/assets/media/others/bubble-14.png]
[new.axilthemes.com/demo/template/abstrak/assets/media/others/bubble-40.png]
[new.axilthemes.com/demo/template/abstrak/assets/media/others/bubble-41.png]
[new.axilthemes.com/demo/template/abstrak/assets/media/icon/icon-1.png]
[new.axilthemes.com/demo/template/abstrak/assets/media/icon/icon-2.png]
[new.axilthemes.com/demo/template/abstrak/service-development.html]
[new.axilthemes.com/demo/template/abstrak/assets/media/icon/icon-3.png]
[new.axilthemes.com/demo/template/abstrak/service-marketing.html]
[new.axilthemes.com/demo/template/abstrak/assets/media/icon/icon-4.png]
[new.axilthemes.com/demo/template/abstrak/service-business.html]
[new.axilthemes.com/demo/template/abstrak/assets/media/icon/icon-5.png]
[new.axilthemes.com/demo/template/abstrak/service-technology.html]
[new.axilthemes.com/demo/template/abstrak/assets/media/icon/icon-6.png]
[new.axilthemes.com/demo/template/abstrak/service-content-strategy.html]
[new.axilthemes.com/demo/template/abstrak/assets/media/others/line-9.png]
[new.axilthemes.com/demo/template/abstrak/assets/media/others/bubble-42.png]
[new.axilthemes.com/demo/template/abstrak/assets/media/others/bubble-43.png]
[new.axilthemes.com/demo/template/abstrak/assets/media/others/case-study-4.png]
[new.axilthemes.com/demo/template/abstrak/assets/media/others/case-study-5.png]
[new.axilthemes.com/demo/template/abstrak/assets/media/others/case-study-6.png]
[new.axilthemes.com/demo/template/abstrak/assets/media/others/bubble-7.png]
[new.axilthemes.com/demo/template/abstrak/assets/media/others/line-4.png]
[new.axilthemes.com/demo/template/abstrak/assets/media/others/line-5.png]
[new.axilthemes.com/demo/template/abstrak/assets/media/project/project-1.png]
[new.axilthemes.com/demo/template/abstrak/assets/media/project/project-2.png]
[new.axilthemes.com/demo/template/abstrak/assets/media/project/project-3.png]
[new.axilthemes.com/demo/template/abstrak/assets/media/project/project-4.png]
[new.axilthemes.com/demo/template/abstrak/assets/media/project/project-5.png]
[new.axilthemes.com/demo/template/abstrak/assets/media/project/project-6.png]
[new.axilthemes.com/demo/template/abstrak/assets/media/others/circle-2.png]
[new.axilthemes.com/demo/template/abstrak/assets/media/others/bubble-2.png]
[new.axilthemes.com/demo/template/abstrak/assets/media/others/bubble-1.png]
[new.axilthemes.com/demo/template/abstrak/assets/media/icon/icon-7.png]
[new.axilthemes.com/demo/template/abstrak/assets/media/icon/icon-8.png]
[new.axilthemes.com/demo/template/abstrak/assets/media/icon/icon-9.png]
[new.axilthemes.com/demo/template/abstrak/assets/media/icon/apple.png]
[new.axilthemes.com/demo/template/abstrak/assets/media/icon/yelp-2.png]
[new.axilthemes.com/demo/template/abstrak/assets/media/testimonial/testimonial-1.png]
[new.axilthemes.com/demo/template/abstrak/assets/media/icon/google-2.png]
[new.axilthemes.com/demo/template/abstrak/assets/media/testimonial/testimonial-2.png]
[new.axilthemes.com/demo/template/abstrak/assets/media/icon/fb-2.png]
[new.axilthemes.com/demo/template/abstrak/assets/media/testimonial/testimonial-3.png]
[new.axilthemes.com/demo/template/abstrak/assets/media/others/line-1.png]
[new.axilthemes.com/demo/template/abstrak/assets/media/others/bubble-4.png]
[new.axilthemes.com/demo/template/abstrak/assets/media/brand/brand-1.png]
[new.axilthemes.com/demo/template/abstrak/assets/media/brand/brand-2.png]
[new.axilthemes.com/demo/template/abstrak/assets/media/brand/brand-3.png]
[new.axilthemes.com/demo/template/abstrak/assets/media/brand/brand-4.png]
[new.axilthemes.com/demo/template/abstrak/assets/media/brand/brand-5.png]
[new.axilthemes.com/demo/template/abstrak/assets/media/brand/brand-6.png]
[new.axilthemes.com/demo/template/abstrak/assets/media/brand/brand-7.png]
[new.axilthemes.com/demo/template/abstrak/assets/media/brand/brand-8.png]
[new.axilthemes.com/demo/template/abstrak/single-blog-2.html]
[new.axilthemes.com/demo/template/abstrak/assets/media/blog/blog-1.png]
[new.axilthemes.com/demo/template/abstrak/single-blog-3.html]
[new.axilthemes.com/demo/template/abstrak/assets/media/blog/blog-2.png]
[new.axilthemes.com/demo/template/abstrak/assets/media/others/line-2.png]
[new.axilthemes.com/demo/template/abstrak/assets/media/others/chat-group.png]
[new.axilthemes.com/demo/template/abstrak/assets/media/others/laptop-poses.png]
[new.axilthemes.com/demo/template/abstrak/assets/media/others/bill-pay.png]
[new.axilthemes.com/demo/template/abstrak/assets/media/others/bubble-12.png]
[new.axilthemes.com/demo/template/abstrak/assets/media/others/bubble-16.png]
[new.axilthemes.com/demo/template/abstrak/assets/media/others/bubble-13.png]
[new.axilthemes.com/demo/template/abstrak/assets/media/others/bubble-15.png]
[new.axilthemes.com/demo/template/abstrak/privacy-policy.html]
[new.axilthemes.com/demo/template/abstrak/terms-of-use.html]
[new.axilthemes.com/demo/template/abstrak/assets/js/vendor/jquery-3.6.0.min.js]
[new.axilthemes.com/demo/template/abstrak/assets/js/vendor/bootstrap.min.js]
[new.axilthemes.com/demo/template/abstrak/assets/js/vendor/isotope.pkgd.min.js]
[new.axilthemes.com/demo/template/abstrak/assets/js/vendor/imagesloaded.pkgd.min.js]
[new.axilthemes.com/demo/template/abstrak/assets/js/vendor/odometer.min.js]
[new.axilthemes.com/demo/template/abstrak/assets/js/vendor/jquery-appear.js]
[new.axilthemes.com/demo/template/abstrak/assets/js/vendor/slick.min.js]
[new.axilthemes.com/demo/template/abstrak/assets/js/vendor/sal.js]
[new.axilthemes.com/demo/template/abstrak/assets/js/vendor/jquery.magnific-popup.min.js]
[new.axilthemes.com/demo/template/abstrak/assets/js/vendor/js.cookie.js]
[new.axilthemes.com/demo/template/abstrak/assets/js/vendor/jquery.style.switcher.js]
[new.axilthemes.com/demo/template/abstrak/assets/js/vendor/jquery.countdown.min.js]
[new.axilthemes.com/demo/template/abstrak/assets/js/vendor/tilt.js]
[new.axilthemes.com/demo/template/abstrak/assets/js/vendor/green-audio-player.min.js]
[new.axilthemes.com/demo/template/abstrak/assets/js/vendor/jquery.nav.js]
[new.axilthemes.com/demo/template/abstrak/index-1.html]
[new.axilthemes.com/demo/template/abstrak/assets/css/vendor/bootstrap.min.css]
[new.axilthemes.com/demo/template/abstrak/assets/js/app.js]
[new.axilthemes.com/demo/template/abstrak/assets/css/fonts/fa-brands-400.eot]
[new.axilthemes.com/demo/template/abstrak/assets/css/fonts/fa-brands-400d41d.eot]
[new.axilthemes.com/demo/template/abstrak/assets/css/fonts/fa-brands-400.woff2]
[new.axilthemes.com/demo/template/abstrak/assets/css/fonts/fa-brands-400.woff]
[new.axilthemes.com/demo/template/abstrak/assets/css/fonts/fa-brands-400.ttf]
[new.axilthemes.com/demo/template/abstrak/assets/css/fonts/fa-duotone-900.eot]
[new.axilthemes.com/demo/template/abstrak/assets/css/fonts/fa-duotone-900d41d.eot]
[new.axilthemes.com/demo/template/abstrak/assets/css/fonts/fa-duotone-900.woff2]
[new.axilthemes.com/demo/template/abstrak/assets/css/fonts/fa-duotone-900.woff]
[new.axilthemes.com/demo/template/abstrak/assets/css/fonts/fa-duotone-900.ttf]
[new.axilthemes.com/demo/template/abstrak/assets/css/fonts/fa-light-300.eot]
[new.axilthemes.com/demo/template/abstrak/assets/css/fonts/fa-light-300d41d.eot]
[new.axilthemes.com/demo/template/abstrak/assets/css/fonts/fa-light-300.woff2]
[new.axilthemes.com/demo/template/abstrak/assets/css/fonts/fa-light-300.woff]
[new.axilthemes.com/demo/template/abstrak/assets/css/fonts/fa-light-300.ttf]
[new.axilthemes.com/demo/template/abstrak/assets/css/fonts/fa-regular-400.eot]
[new.axilthemes.com/demo/template/abstrak/assets/css/fonts/fa-regular-400d41d.eot]
[new.axilthemes.com/demo/template/abstrak/assets/css/fonts/fa-regular-400.woff2]
[new.axilthemes.com/demo/template/abstrak/assets/css/fonts/fa-regular-400.woff]
[new.axilthemes.com/demo/template/abstrak/assets/css/fonts/fa-regular-400.ttf]
[new.axilthemes.com/demo/template/abstrak/assets/css/fonts/fa-solid-900.eot]
[new.axilthemes.com/demo/template/abstrak/assets/css/fonts/fa-solid-900d41d.eot]
[new.axilthemes.com/demo/template/abstrak/assets/css/fonts/fa-solid-900.woff2]
[new.axilthemes.com/demo/template/abstrak/assets/css/fonts/fa-solid-900.woff]
[new.axilthemes.com/demo/template/abstrak/assets/css/fonts/fa-solid-900.ttf]
[new.axilthemes.com/demo/template/abstrak/assets/css/vendor/font-awesome.css]
[new.axilthemes.com/demo/template/abstrak/assets/css/vendor/slick.css]
[new.axilthemes.com/demo/template/abstrak/assets/css/fonts/ajax-loader.gif]
[new.axilthemes.com/demo/template/abstrak/assets/css/fonts/slick.eot]
[new.axilthemes.com/demo/template/abstrak/assets/css/fonts/slickd41d.eot]
[new.axilthemes.com/demo/template/abstrak/assets/css/fonts/slick.woff]
[new.axilthemes.com/demo/template/abstrak/assets/css/fonts/slick.ttf]
[new.axilthemes.com/demo/template/abstrak/assets/css/vendor/slick-theme.css]
[new.axilthemes.com/demo/template/abstrak/assets/css/vendor/sal.css]
[new.axilthemes.com/demo/template/abstrak/assets/css/vendor/magnific-popup.css]
[new.axilthemes.com/demo/template/abstrak/assets/css/vendor/green-audio-player.min.css]
[new.axilthemes.com/demo/template/abstrak/assets/css/vendor/odometer-theme-default.css]
[new.axilthemes.com/demo/template/abstrak/assets/media/icon/message.png]
[new.axilthemes.com/demo/template/abstrak/assets/media/others/designer-text.png]
[new.axilthemes.com/demo/template/abstrak/assets/media/banner/banner-bg-1.png]
[new.axilthemes.com/demo/template/abstrak/assets/media/icon/message-light.png]
[new.axilthemes.com/demo/template/abstrak/assets/css/app.css]
[new.axilthemes.com/demo/template/abstrak/assets/media/logo.svg]
[new.axilthemes.com/demo/template/abstrak/assets/media/logo-3.svg]
[new.axilthemes.com/demo/template/abstrak/assets/media/logo-2.svg]
[new.axilthemes.com/demo/template/abstrak/assets/media/banner/banner-shape-1.png]
[new.axilthemes.com/demo/template/abstrak/assets/media/banner/banner-shape-2.png]
[new.axilthemes.com/demo/template/abstrak/assets/media/others/bubble-26.png]
[new.axilthemes.com/demo/template/abstrak/index-2.html]
[new.axilthemes.com/demo/template/abstrak/assets/media/banner/banner-thumb-6.png]
[new.axilthemes.com/demo/template/abstrak/assets/media/others/bubble-32.png]
[new.axilthemes.com/demo/template/abstrak/assets/media/others/bubble-33.png]
[new.axilthemes.com/demo/template/abstrak/assets/media/others/bubble-30.png]
[new.axilthemes.com/demo/template/abstrak/assets/media/others/bubble-31.png]
[new.axilthemes.com/demo/template/abstrak/assets/media/project/project-7.png]
[new.axilthemes.com/demo/template/abstrak/assets/media/project/project-8.png]
[new.axilthemes.com/demo/template/abstrak/assets/media/project/project-9.png]
[new.axilthemes.com/demo/template/abstrak/assets/media/project/project-12.png]
[new.axilthemes.com/demo/template/abstrak/assets/media/others/circle-1.png]
[new.axilthemes.com/demo/template/abstrak/assets/media/others/line-3.png]
[new.axilthemes.com/demo/template/abstrak/assets/media/others/bubble-5.png]
[new.axilthemes.com/demo/template/abstrak/assets/media/project/project-10.png]
[new.axilthemes.com/demo/template/abstrak/assets/media/project/project-11.png]
[new.axilthemes.com/demo/template/abstrak/index-3.html]
[new.axilthemes.com/demo/template/abstrak/assets/media/banner/banner-thumb-7.png]
[new.axilthemes.com/demo/template/abstrak/assets/media/others/bubble-29.png]
[new.axilthemes.com/demo/template/abstrak/assets/media/others/line-7.png]
[new.axilthemes.com/demo/template/abstrak/assets/media/project/godaddy.png]
[new.axilthemes.com/demo/template/abstrak/assets/media/project/mobile-mockup.png]
[new.axilthemes.com/demo/template/abstrak/index-4.html]
[new.axilthemes.com/demo/template/abstrak/index-5.html]
[new.axilthemes.com/demo/template/abstrak/assets/media/banner/banner-thumb-4.png]
[new.axilthemes.com/demo/template/abstrak/assets/media/others/bubble-9.png]
[new.axilthemes.com/demo/template/abstrak/assets/media/others/bubble-21.png]
[new.axilthemes.com/demo/template/abstrak/assets/media/icon/icon-29.png]
[new.axilthemes.com/demo/template/abstrak/assets/media/icon/icon-27.png]
[new.axilthemes.com/demo/template/abstrak/assets/media/icon/icon-28.png]
[new.axilthemes.com/demo/template/abstrak/assets/media/icon/icon-30.png]
[new.axilthemes.com/demo/template/abstrak/assets/media/icon/icon-31.png]
[new.axilthemes.com/demo/template/abstrak/assets/media/icon/icon-32.png]
[new.axilthemes.com/demo/template/abstrak/assets/media/icon/icon-33.png]
[new.axilthemes.com/demo/template/abstrak/assets/media/icon/icon-34.png]
[new.axilthemes.com/demo/template/abstrak/assets/media/icon/icon-35.png]
[new.axilthemes.com/demo/template/abstrak/assets/media/icon/icon-36.png]
[new.axilthemes.com/demo/template/abstrak/assets/media/icon/icon-37.png]
[new.axilthemes.com/demo/template/abstrak/assets/media/icon/icon-38.png]
[new.axilthemes.com/demo/template/abstrak/assets/media/icon/icon-39.png]
[new.axilthemes.com/demo/template/abstrak/assets/media/icon/icon-40.png]
[new.axilthemes.com/demo/template/abstrak/assets/media/icon/icon-41.png]
[new.axilthemes.com/demo/template/abstrak/assets/media/icon/icon-42.png]
[new.axilthemes.com/demo/template/abstrak/assets/media/icon/icon-43.png]
[new.axilthemes.com/demo/template/abstrak/assets/media/icon/icon-44.png]
[new.axilthemes.com/demo/template/abstrak/assets/media/icon/icon-45.png]
[new.axilthemes.com/demo/template/abstrak/assets/media/icon/icon-46.png]
[new.axilthemes.com/demo/template/abstrak/assets/media/icon/icon-47.png]
[new.axilthemes.com/demo/template/abstrak/service.html]
[new.axilthemes.com/demo/template/abstrak/assets/media/icon/icon-10.png]
[new.axilthemes.com/demo/template/abstrak/assets/media/icon/icon-11.png]
[new.axilthemes.com/demo/template/abstrak/assets/media/icon/icon-12.png]
[new.axilthemes.com/demo/template/abstrak/assets/media/icon/apple-black.png]
[new.axilthemes.com/demo/template/abstrak/service-2.html]
[new.axilthemes.com/demo/template/abstrak/assets/media/others/process-1.png]
[new.axilthemes.com/demo/template/abstrak/assets/media/others/process-2.png]
[new.axilthemes.com/demo/template/abstrak/assets/media/others/process-3.png]
[new.axilthemes.com/demo/template/abstrak/assets/media/others/process-4.png]
[new.axilthemes.com/demo/template/abstrak/assets/media/others/bubble-24.png]
[new.axilthemes.com/demo/template/abstrak/assets/media/others/bubble-23.png]
[new.axilthemes.com/demo/template/abstrak/service-design.html]
[new.axilthemes.com/demo/template/abstrak/assets/media/banner/banner-thumb-1.png]
[new.axilthemes.com/demo/template/abstrak/assets/media/others/bubble-20.png]
[new.axilthemes.com/demo/template/abstrak/portfolio.html]
[new.axilthemes.com/demo/template/abstrak/portfolio-2.html]
[new.axilthemes.com/demo/template/abstrak/portfolio-3.html]
[new.axilthemes.com/demo/template/abstrak/portfolio-4.html]
[new.axilthemes.com/demo/template/abstrak/portfolio-5.html]
[new.axilthemes.com/demo/template/abstrak/assets/media/about/about-1.png]
[new.axilthemes.com/demo/template/abstrak/single-portfolio.html]
[new.axilthemes.com/demo/template/abstrak/assets/media/banner/banner-thumb-3.png]
[new.axilthemes.com/demo/template/abstrak/assets/media/others/bubble-22.png]
[new.axilthemes.com/demo/template/abstrak/assets/media/about/about-2.png]
[new.axilthemes.com/demo/template/abstrak/about-us.html]
[new.axilthemes.com/demo/template/abstrak/assets/media/about/about-3.png]
[new.axilthemes.com/demo/template/abstrak/assets/media/team/team-1.png]
[new.axilthemes.com/demo/template/abstrak/assets/media/team/team-2.png]
[new.axilthemes.com/demo/template/abstrak/assets/media/team/team-3.png]
[new.axilthemes.com/demo/template/abstrak/assets/media/team/team-4.png]
[new.axilthemes.com/demo/template/abstrak/assets/media/team/team-5.png]
[new.axilthemes.com/demo/template/abstrak/assets/media/team/team-6.png]
[new.axilthemes.com/demo/template/abstrak/assets/media/team/team-7.png]
[new.axilthemes.com/demo/template/abstrak/assets/media/team/team-8.png]
[new.axilthemes.com/demo/template/abstrak/our-office.html]
[new.axilthemes.com/demo/template/abstrak/assets/media/banner/banner-thumb-5.png]
[new.axilthemes.com/demo/template/abstrak/assets/media/others/case-study-1.png]
[new.axilthemes.com/demo/template/abstrak/assets/media/others/case-study-2.png]
[new.axilthemes.com/demo/template/abstrak/assets/media/others/case-study-3.png]
[new.axilthemes.com/demo/template/abstrak/case-study.html]
[new.axilthemes.com/demo/template/abstrak/single-case-study.html]
[new.axilthemes.com/demo/template/abstrak/assets/media/banner/banner-thumb-2.png]
[new.axilthemes.com/demo/template/abstrak/assets/media/about/frame-1.png]
[new.axilthemes.com/demo/template/abstrak/assets/media/about/frame-2.png]
[new.axilthemes.com/demo/template/abstrak/team.html]
[new.axilthemes.com/demo/template/abstrak/assets/media/others/bubble-17.png]
[new.axilthemes.com/demo/template/abstrak/assets/media/team/team-9.png]
[new.axilthemes.com/demo/template/abstrak/single-team.html]
[new.axilthemes.com/demo/template/abstrak/our-clients.html]
[new.axilthemes.com/demo/template/abstrak/assets/media/icon/google.png]
[new.axilthemes.com/demo/template/abstrak/assets/media/icon/fb.png]
[new.axilthemes.com/demo/template/abstrak/assets/media/others/line-6.png]
[new.axilthemes.com/demo/template/abstrak/assets/media/others/circle-3.png]
[new.axilthemes.com/demo/template/abstrak/assets/media/icon/yelp.png]
[new.axilthemes.com/demo/template/abstrak/testimonial.html]
[new.axilthemes.com/demo/template/abstrak/assets/media/others/bubble-11.png]
[new.axilthemes.com/demo/template/abstrak/assets/media/others/poses-lady.png]
[new.axilthemes.com/demo/template/abstrak/pricing-table.html]
[new.axilthemes.com/demo/template/abstrak/assets/media/others/bubble-10.png]
[new.axilthemes.com/demo/template/abstrak/typography.html]
[new.axilthemes.com/demo/template/abstrak/assets/media/others/404.png]
[new.axilthemes.com/demo/template/abstrak/assets/media/others/bubble-27.png]
[new.axilthemes.com/demo/template/abstrak/404.html]
[new.axilthemes.com/demo/template/abstrak/assets/media/others/coming-soon.png]
[new.axilthemes.com/demo/template/abstrak/assets/media/others/bubble-28.png]
[new.axilthemes.com/demo/template/abstrak/coming-soon.html]
[new.axilthemes.com/demo/template/abstrak/assets/media/blog/author-1.png]
[new.axilthemes.com/demo/template/abstrak/assets/media/blog/blog-3.png]
[new.axilthemes.com/demo/template/abstrak/assets/media/blog/author-2.png]
[new.axilthemes.com/demo/template/abstrak/assets/media/blog/blog-4.png]
[new.axilthemes.com/demo/template/abstrak/blog-category.html]
[new.axilthemes.com/demo/template/abstrak/assets/media/blog/blog-5.png]
[new.axilthemes.com/demo/template/abstrak/assets/media/blog/blog-6.png]
[new.axilthemes.com/demo/template/abstrak/assets/media/blog/blog-7.png]
[new.axilthemes.com/demo/template/abstrak/assets/media/banner/widget-banner.png]
[new.axilthemes.com/demo/template/abstrak/blog.html]
[new.axilthemes.com/demo/template/abstrak/assets/media/blog/blog-8.png]
[new.axilthemes.com/demo/template/abstrak/assets/media/blog/blog-9.png]
[new.axilthemes.com/demo/template/abstrak/assets/media/blog/author-3.png]
[new.axilthemes.com/demo/template/abstrak/single-blog.html]
[new.axilthemes.com/demo/template/abstrak/single-blog-gallery.html]
[new.axilthemes.com/demo/template/abstrak/single-blog-video.html]
[new.axilthemes.com/demo/template/abstrak/assets/media/axil_file_example.mp3]
[new.axilthemes.com/demo/template/abstrak/single-blog-audio.html]
[new.axilthemes.com/demo/template/abstrak/single-blog-quote.html]
[new.axilthemes.com/demo/template/abstrak/assets/media/others/location-1.png]
[new.axilthemes.com/demo/template/abstrak/assets/media/others/location-2.png]
[new.axilthemes.com/demo/template/abstrak/assets/media/others/location-3.png]
[new.axilthemes.com/demo/template/abstrak/assets/media/others/location-4.png]
[new.axilthemes.com/demo/template/abstrak/contact.html]
[new.axilthemes.com/demo/template/abstrak/service-development.html]
[new.axilthemes.com/demo/template/abstrak/service-marketing.html]
[new.axilthemes.com/demo/template/abstrak/service-business.html]
[new.axilthemes.com/demo/template/abstrak/service-technology.html]
[new.axilthemes.com/demo/template/abstrak/service-content-strategy.html]
[new.axilthemes.com/demo/template/abstrak/assets/media/blog/blog-10.png]
[new.axilthemes.com/demo/template/abstrak/single-blog-2.html]
[new.axilthemes.com/demo/template/abstrak/assets/media/blog/blog-11.png]
[new.axilthemes.com/demo/template/abstrak/single-blog-3.html]
[new.axilthemes.com/demo/template/abstrak/privacy-policy.html]
[new.axilthemes.com/demo/template/abstrak/terms-of-use.html]
[new.axilthemes.com/demo/template/abstrak/assets/css/fonts/fa-brands-400.svg]
[new.axilthemes.com/demo/template/abstrak/assets/css/fonts/fa-duotone-900.svg]
[new.axilthemes.com/demo/template/abstrak/assets/css/fonts/fa-light-300.svg]
[new.axilthemes.com/demo/template/abstrak/assets/css/fonts/fa-regular-400.svg]
[new.axilthemes.com/demo/template/abstrak/assets/css/fonts/fa-solid-900.svg]
[new.axilthemes.com/demo/template/abstrak/assets/css/fonts/slick.svg]
[new.axilthemes.com/demo/template/abstrak/blog-category.html]
